ظû╢ Face UI ظ¤ setStatus
  ظ£¤ should set textContent when element exists (1.3898ms)
  ظ£¤ should do nothing when element does not exist (0.468ms)
ظ£¤ Face UI ظ¤ setStatus (3.5079ms)
ظû╢ Face UI ظ¤ setFaceStep
  ظ£¤ should show text in the steps box (0.4861ms)
  ظ£¤ should hide the box when text is null (0.2836ms)
  ظ£¤ should do nothing when element missing (0.3236ms)
ظ£¤ Face UI ظ¤ setFaceStep (1.472ms)
ظû╢ Face UI ظ¤ faceDescriptorHash
  ظ£¤ should be deterministic for the same descriptor (sha-256) (21.7071ms)
  ظ£¤ should differ for a different descriptor (1.3243ms)
  ظ£¤ should return null for missing/empty input (0.2663ms)
  ظ£¤ should fall back to the legacy rolling hash without FaceCrypto (0.4026ms)
ظ£¤ Face UI ظ¤ faceDescriptorHash (24.1253ms)
ظû╢ Face UI ظ¤ faceRandomToken
  ظ£¤ should return the requested length of alphanumeric chars (0.5767ms)
  ظ£¤ should produce different tokens (0.1693ms)
ظ£¤ Face UI ظ¤ faceRandomToken (0.8698ms)
ظû╢ Face UI ظ¤ faceBytesToHex
  ظ£¤ should convert bytes to lowercase hex (0.1909ms)
  ظ£¤ should return empty string for null (0.0938ms)
ظ£¤ Face UI ظ¤ faceBytesToHex (0.3839ms)
ظû╢ Face UI ظ¤ initFaceBiometric
  ظ£¤ should create FaceEngine and FaceRegistry instances (10.1394ms)
  ظ£¤ should handle initialization error (0.5551ms)
ظ£¤ Face UI ظ¤ initFaceBiometric (10.9111ms)
ظû╢ Face UI ظ¤ handleFaceFilePicked
  ظ£¤ should do nothing when no file selected (0.6443ms)
  ظ£¤ should report a load error (0.4659ms)
  ظ£¤ should stage the photo without running the pipeline (3039.0798ms)
  ظ£¤ should keep the run button disabled until the label is filled (1.8922ms)
ظ£¤ Face UI ظ¤ handleFaceFilePicked (3042.4709ms)
ظû╢ Face UI ظ¤ updateFaceRunState
  ظ£¤ should do nothing when the run button is missing (0.6449ms)
  ظ£¤ should keep the button disabled without a staged photo (1.5623ms)
  ظ£¤ should keep the button disabled until the label is filled (0.8895ms)
  ظ£¤ should enable the button when a photo is staged and the label is filled (0.55ms)
ظ£¤ Face UI ظ¤ updateFaceRunState (4.0786ms)
ظû╢ Face UI ظ¤ handleFaceRun
  ظ£¤ should warn when no photo is staged (0.4474ms)
  ظ£¤ should run the pipeline with the staged file photo (91.4644ms)
  ظ£¤ should run the pipeline with the staged camera photo and liveness evidence (3.6556ms)
ظ£¤ Face UI ظ¤ handleFaceRun (95.8851ms)
ظû╢ Face UI ظ¤ runFacePipeline
  ظ£¤ should generate DID + signature + BioHash + Fuzzy + report (6.8438ms)
  ظ£¤ should stop early when no face is detected (0.7001ms)
  ظ£¤ should report when the engine cannot be initialized (0.6083ms)
  ظ£¤ should initialize engine + registry from globals when missing (5.3179ms)
  ظ£¤ should auto-register when a label is provided (6.4943ms)
  ظ£¤ should report a registry match with similarity (4.6103ms)
  ظ£¤ should continue without DID when the DID module is absent (2.9352ms)
  ظ£¤ should continue without BioHash/Fuzzy when modules are absent (2.1381ms)
  ظ£¤ should surface pipeline errors in the status (0.7707ms)
ظ£¤ Face UI ظ¤ runFacePipeline (31.2045ms)
ظû╢ Face UI ظ¤ embedder choice
  ظ£¤ should default to human when no select and no stored choice (0.4464ms)
  ظ£¤ should read the select element when present (0.3839ms)
  ظ£¤ should fall back to the stored choice when the select is absent (0.3518ms)
  ظ£¤ should store the choice on change (0.3577ms)
ظ£¤ Face UI ظ¤ embedder choice (1.7351ms)
ظû╢ Face UI ظ¤ faceExtractEmbedding
  ظ£¤ should return the human descriptor by default (0.5138ms)
  ظ£¤ should return an arcface descriptor when chosen (0.7756ms)
  ظ£¤ should fall back to human when the arcface modules are missing (0.8126ms)
  ظ£¤ should fall back to human when the model fails to load (1.1392ms)
  ظ£¤ should fall back to human when alignment fails (0.8473ms)
  ظ£¤ should fall back to human when embedding throws (0.985ms)
ظ£¤ Face UI ظ¤ faceExtractEmbedding (5.5232ms)
ظû╢ Face UI ظ¤ runFacePipeline arcface
  ظ£¤ should embed with arcface, report 512 dims and store the version (18.8806ms)
  ظ£¤ should match a same-version registry entry when filtered (5.0865ms)
ظ£¤ Face UI ظ¤ runFacePipeline arcface (24.2308ms)
ظû╢ Face UI ظ¤ renderFaceReport
  ظ£¤ should render all sections for a complete report (0.5664ms)
  ظ£¤ should set the download modal title (0.308ms)
  ظ£¤ should render no-match and skip missing sections (0.3056ms)
  ظ£¤ should render failed liveness (0.3479ms)
  ظ£¤ should do nothing when the element is missing (0.1923ms)
ظ£¤ Face UI ظ¤ renderFaceReport (1.9127ms)
ظû╢ Face UI ظ¤ faceAttrText
  ظ£¤ should format emotion array with top score (0.2354ms)
  ظ£¤ should format label arrays (0.1764ms)
  ظ£¤ should format emotion entries without score (0.1442ms)
  ظ£¤ should format objects and scalars (0.1749ms)
ظ£¤ Face UI ظ¤ faceAttrText (0.8652ms)
ظû╢ Face UI ظ¤ downloadFaceReport
  ظ£¤ should close the modal and do nothing without a report (0.4917ms)
  ظ£¤ should download JSON with the report content (2.9916ms)
  ظ£¤ should download CSV with formula-injection protection (1.5136ms)
  ظ£¤ should download TXT with sections (0.7427ms)
  ظ£¤ should append the labels sheet to CSV downloads (10.0232ms)
  ظ£¤ should append the labels sheet to TXT downloads without hashes for locked entries (1.0782ms)
  ظ£¤ should not append a labels header when the registry is empty (0.6481ms)
  ظ£¤ should download XML with escaped values (1.2399ms)
  ظ£¤ should download an HTML table document (1.3751ms)
  ظ£¤ should download PDF via jsPDF (0.997ms)
  ظ£¤ should download DOCX via the docx library (1.3509ms)
  ظ£¤ should ignore unknown formats (0.3212ms)
  ظ£¤ should reject when the PDF library fails to load (0.9189ms)
  ظ£¤ faceReportToPDF should return a Blob (0.433ms)
  ظ£¤ faceReportToDOCX should return a Blob and drop null children (0.4726ms)
ظ£¤ Face UI ظ¤ downloadFaceReport (25.5135ms)
ظû╢ Face UI ظ¤ handleFaceCameraStart/Stop
  ظ£¤ should warn when the camera module is missing (0.5334ms)
  ظ£¤ should warn when the video element is missing (0.3243ms)
  ظ£¤ should start the camera and show the video (0.7788ms)
  ظ£¤ should surface camera errors (0.4357ms)
  ظ£¤ should stop the camera and hide the video (0.4126ms)
ظ£¤ Face UI ظ¤ handleFaceCameraStart/Stop (2.697ms)
ظû╢ Face UI ظ¤ runFaceLivenessCheck
  ظ£¤ should skip when mode is off (0.5133ms)
  ظ£¤ should warn when the camera is not active (0.3284ms)
  ظ£¤ should warn when the liveness module is missing (0.3221ms)
  ظ£¤ should store and return evidence on success (0.5027ms)
  ظ£¤ should request both modes for active mode (0.4023ms)
  ظ£¤ should handle liveness errors (0.4898ms)
ظ£¤ Face UI ظ¤ runFaceLivenessCheck (2.7955ms)
ظû╢ Face UI ظ¤ renderFaceChallenge / faceChallengeText
  ظ£¤ should show the localized challenge with progress (0.4475ms)
  ظ£¤ should hide the box for done/null challenges (0.3207ms)
  ظ£¤ should do nothing when element missing (0.2808ms)
  ظ£¤ faceChallengeText maps known types and passes unknown through (0.1656ms)
ظ£¤ Face UI ظ¤ renderFaceChallenge / faceChallengeText (1.3711ms)
ظû╢ Face UI ظ¤ handleFaceCameraCapture
  ظ£¤ should warn when the camera is not running (3.2351ms)
  ظ£¤ should abort when liveness fails (1.2429ms)
  ظ£¤ should warn when no frame can be captured (1.0834ms)
  ظ£¤ should stage the frame with liveness evidence without running the pipeline (22.4154ms)
  ظ£¤ should initialize engine from globals when missing (1.5058ms)
ظ£¤ Face UI ظ¤ handleFaceCameraCapture (29.9359ms)
ظû╢ Face UI ظ¤ camera/file mutual exclusion
  ظ£¤ should disable the file input and manage buttons when the camera starts (0.9272ms)
  ظ£¤ should re-enable the file input and disable capture when the camera stops (0.2881ms)
  ظ£¤ should stop the camera and disable its buttons when a file is picked (1.7977ms)
ظ£¤ Face UI ظ¤ camera/file mutual exclusion (3.2018ms)
ظû╢ Face UI ظ¤ switchFaceInput
  ظ£¤ should show the upload wrapper by default (0.4394ms)
  ظ£¤ should switch to the camera tab and highlight its button (0.5571ms)
  ظ£¤ should re-enable the camera start button and file input on camera tab (0.3478ms)
  ظ£¤ should discard the staged photo when switching to the camera tab (0.4986ms)
  ظ£¤ should stop the camera and discard the frame when switching to upload (3.8819ms)
  ظ£¤ should ignore unknown tabs and repeated tabs (0.4815ms)
ظ£¤ Face UI ظ¤ switchFaceInput (6.5097ms)
ظû╢ Face UI ظ¤ listRegisteredFaces
  ظ£¤ should warn if registry not initialized (0.3883ms)
  ظ£¤ should show empty message when no faces (0.4277ms)
  ظ£¤ should render faces with delete buttons (0.4408ms)
  ظ£¤ should show migration banner when embedding versions are mixed (0.5786ms)
  ظ£¤ should hide migration banner for a single embedding version (0.4384ms)
  ظ£¤ should handle list errors (0.4101ms)
ظ£¤ Face UI ظ¤ listRegisteredFaces (2.9196ms)
ظû╢ Face UI ظ¤ handleFaceDelete
  ظ£¤ should delete and refresh the list (0.4692ms)
  ظ£¤ should handle delete errors (0.386ms)
ظ£¤ Face UI ظ¤ handleFaceDelete (0.9553ms)
ظû╢ Face UI ظ¤ handleFaceRefreshList
  ظ£¤ should clear the generated-results view and refresh the list (0.6226ms)
  ظ£¤ should keep working when result elements are missing (0.434ms)
  ظ£¤ should surface registry errors from the underlying list (0.3717ms)
ظ£¤ Face UI ظ¤ handleFaceRefreshList (1.5689ms)
ظû╢ Face UI ظ¤ handleFaceBioHashCopy
  ظ£¤ should warn when no Privacy ID exists (0.4751ms)
  ظ£¤ should copy the code via clipboard (6.1575ms)
  ظ£¤ should report clipboard failures (1.4773ms)
  ظ£¤ should fall back when clipboard is unavailable (0.9324ms)
ظ£¤ Face UI ظ¤ handleFaceBioHashCopy (9.3204ms)
ظû╢ Face UI ظ¤ handleFaceExportLabels
  ظ£¤ should warn when the registry is missing (0.5837ms)
  ظ£¤ should warn when the registry is empty (0.3821ms)
  ظ£¤ should export a CSV with hashes and escaped cells (3.3699ms)
  ظ£¤ should export a TXT sheet without hashes for locked entries (0.6254ms)
[face] PRF encryption failed ظ¤ passkey stored as plaintext reference. TypeError: FaceWebauthn.randomChallenge is not a function
    at handlePasskeyRegister (F:\RedoSan Authenticity\Face_Biometric\face_ui.js:579:33)
    at async TestContext.<anonymous> (F:\RedoSan Authenticity\cli\tests\face_ui_test.js:2409:5)
    at async Test.run (node:internal/test_runner/test:1313:7)
    at async Suite.processPendingSubtests (node:internal/test_runner/test:897:7)
[face] PRF encryption failed ظ¤ passkey stored as plaintext reference. TypeError: FaceWebauthn.randomChallenge is not a function
    at handlePasskeyRegister (F:\RedoSan Authenticity\Face_Biometric\face_ui.js:579:33)
    at async ensureFacePasskeyForAction (F:\RedoSan Authenticity\Face_Biometric\face_ui.js:729:3)
    at async TestContext.<anonymous> (F:\RedoSan Authenticity\cli\tests\face_ui_test.js:2993:20)
    at async Test.run (node:internal/test_runner/test:1313:7)
    at async Suite.processPendingSubtests (node:internal/test_runner/test:897:7)
  ظ£¤ should omit descriptor columns from the labels sheet when requested (1.1445ms)
ظ£¤ Face UI ظ¤ handleFaceExportLabels (6.3905ms)
ظû╢ Face UI ظ¤ maybePromptFaceEncryption
  ظ£¤ should stay silent when every entry is encrypted (0.433ms)
  ظ£¤ should be a no-op now that the PRF vault handles encryption (0.3465ms)
  ظ£¤ should survive registry errors (0.3181ms)
ظ£¤ Face UI ظ¤ maybePromptFaceEncryption (1.2395ms)
ظû╢ Face UI ظ¤ face overlay
  ظ£¤ should not throw when the camera starts with a minimal DOM (0.7519ms)
  ظ£¤ should stop and clean up the overlay (0.267ms)
  ظ£¤ should draw boxes and mesh points when the engine is ready (2.0713ms)
  ظ£¤ should draw nothing when the camera is inactive (0.4641ms)
ظ£¤ Face UI ظ¤ face overlay (3.7321ms)
ظû╢ Face UI ظ¤ passkey handlers
  ظ£¤ should warn when the WebAuthn module is missing (0.7256ms)
  ظ£¤ should warn when WebAuthn is unavailable (0.3624ms)
  ظ£¤ should register a passkey and store its reference (2.4559ms)
  ظ£¤ should surface registration errors (1.2628ms)
  ظ£¤ should show the empty state and hide the remove button (0.562ms)
  ظ£¤ should show the registered state and disable the register button (0.6106ms)
  ظ£¤ should remove the stored passkey reference (0.6637ms)
  ظ£¤ should survive meta store errors (0.5216ms)
ظ£¤ Face UI ظ¤ passkey handlers (7.6237ms)
ظû╢ Face UI ظ¤ sanitizeFaceText
  ظ£¤ should keep English letters, digits and safe separators (0.3014ms)
  ظ£¤ should strip Arabic and other non-English scripts from labels (0.1885ms)
  ظ£¤ should collapse consecutive spaces in labels (0.1527ms)
  ظ£¤ should drop quotes and control characters from labels (0.1424ms)
  ظ£¤ should keep printable ASCII for passphrases but block non-English input (0.1496ms)
  ظ£¤ should return an empty string for non-string input (0.1357ms)
ظ£¤ Face UI ظ¤ sanitizeFaceText (1.2772ms)
ظû╢ Face UI ظ¤ updateFaceRunState sanitizer
  ظ£¤ should strip non-English characters from the label field (0.3111ms)
ظ£¤ Face UI ظ¤ updateFaceRunState sanitizer (0.3795ms)
ظû╢ Face UI ظ¤ progress overlay
  ظ£¤ should fade the overlay in with title and stage text (0.4452ms)
  ظ£¤ should advance the determinate bar and percentage (0.3352ms)
  ظ£¤ should clamp the percentage to 0..100 (0.2955ms)
  ظ£¤ should ignore updates while hidden (0.2885ms)
  ظ£¤ should fade the overlay out (0.3691ms)
ظ£¤ Face UI ظ¤ progress overlay (1.9272ms)
ظû╢ Face UI ظ¤ file validation
  ظ£¤ should reject unsupported file types (0.6341ms)
  ظ£¤ should accept PNG/JPEG even when the type is missing (0.6454ms)
  ظ£¤ should reject oversized files (0.4281ms)
  ظ£¤ should reject oversized dimensions (0.4505ms)
  ظ£¤ should reject a file blocked by validateFileInput before staging (1.2144ms)
  ظ£¤ should not stage when validateFileInput clears the input (0.5289ms)
  ظ£¤ should clear a previously staged photo when a new file is rejected (0.4704ms)
  ظ£¤ should accept valid files when validateFileInput is present (0.6465ms)
ظ£¤ Face UI ظ¤ file validation (5.4226ms)
ظû╢ Face UI ظ¤ biometric consent
  ظ£¤ faceConsentGranted is true when the panel is absent (test/embedded contexts) (0.848ms)
  ظ£¤ faceConsentGranted is false with a visible panel and no record (0.6588ms)
  ظ£¤ faceConsentGranted is true once a valid record exists (0.7223ms)
  ظ£¤ accept refuses without an explicit (unticked) checkbox (0.8865ms)
  ظ£¤ accept records consent, hides the panel and re-enables entry points (1.2884ms)
  ظ£¤ consent is session-scoped: never written to localStorage (0.9609ms)
  ظ£¤ withdraw clears consent, erases registry data and re-blocks the UI (1.3133ms)
  ظ£¤ withdraw is a no-op when the confirmation is declined (0.7671ms)
  ظ£¤ updateFaceRunState disables the run button until consent is recorded (0.8274ms)
  ظ£¤ initFaceConsent blocks collection entry points when no record exists (0.8861ms)
  ظ£¤ initFaceConsent keeps entry points enabled when consent is on record (0.6134ms)
  ظ£¤ faceWarnConsentRequired shows the blocked message and is safe without helpers (0.6166ms)
  ظ£¤ faceWarnConsentRequired survives a missing panel or scrollIntoView (0.6381ms)
  ظ£¤ switchFaceInput is blocked (with a warning) until consent is recorded (0.5242ms)
  ظ£¤ switchFaceInput works normally once consent is recorded (0.5848ms)
ظ£¤ Face UI ظ¤ biometric consent (13.1057ms)
ظû╢ Face UI ظ¤ ensureFacePasskeyForAction (automatic, best-effort)
  ظ£¤ returns true (and never throws) when there is no registry or WebAuthn (1.2436ms)
  ظ£¤ auto-registers a passkey when WebAuthn is available and none exists (1.6145ms)
  ظ£û never blocks the action when registration fails (2.4716ms)
  ظ£¤ skips registration (and returns true) when WebAuthn is unavailable (0.7448ms)
  ظ£¤ short-circuits when a passkey is already registered (0.7096ms)
ظ£û Face UI ظ¤ ensureFacePasskeyForAction (automatic, best-effort) (7.33ms)
ظû╢ Face UI ظ¤ handleFaceLock
  ظ£¤ returns silently without a registry (0.9842ms)
  ظ£¤ reports a missing crypto module (0.7285ms)
  ظ£¤ demands a passphrase when none is entered (0.7605ms)
  ظ£¤ locks, reports the count, clears the input and refreshes (0.7407ms)
  ظ£¤ surfaces lock errors (0.5441ms)
ظ£¤ Face UI ظ¤ handleFaceLock (4.1998ms)
ظû╢ Face UI ظ¤ handleFaceUnlock
  ظ£¤ reports a missing crypto module (0.5939ms)
  ظ£¤ demands a passphrase and unlocks on success (0.6238ms)
  ظ£¤ reports unlock failures gracefully (0.495ms)
ظ£¤ Face UI ظ¤ handleFaceUnlock (1.8785ms)
ظû╢ Face UI ظ¤ handleFaceBackup
  ظ£¤ guards missing registry and crypto (0.5902ms)
  ظ£¤ exports encrypted and plain backups via the download helper (0.7131ms)
  ظ£¤ surfaces backup errors (0.4535ms)
ظ£¤ Face UI ظ¤ handleFaceBackup (2.0067ms)
ظû╢ Face UI ظ¤ handleFaceRestore
  ظ£¤ guards missing registry and missing file (1.0502ms)
  ظ£¤ rejects invalid JSON files (0.6362ms)
  ظ£¤ imports in replace or merge mode per the confirm dialog (8.5627ms)
  ظ£¤ surfaces import errors (0.914ms)
ظ£¤ Face UI ظ¤ handleFaceRestore (11.4733ms)
ظû╢ Face UI ظ¤ handleFaceIssueCredential / VCDownload
  ظ£¤ demands a report first (0.9375ms)
  ظ£¤ demands a DID keypair or the FaceVC module (0.3999ms)
  ظ£¤ issues, renders and stores a signed credential (1.8654ms)
  ظ£¤ surfaces credential errors (0.7099ms)
  ظ£¤ skips the download when no credential exists (0.3276ms)
ظ£¤ Face UI ظ¤ handleFaceIssueCredential / VCDownload (4.6301ms)
ظû╢ Face UI ظ¤ revealPasskeyRequire
  ظ£¤ reveals, labels and scrolls the requirement box (0.6017ms)
  ظ£¤ tolerates missing elements (0.3954ms)
ظ£¤ Face UI ظ¤ revealPasskeyRequire (1.1583ms)
ظû╢ Face UI ظ¤ runFaceLivenessCheck challenge wiring
  ظ£¤ routes challenge callbacks into the renderer and stores evidence (0.7278ms)
  ظ£¤ renders failures through the same path (0.5997ms)
ظ£¤ Face UI ظ¤ runFaceLivenessCheck challenge wiring (1.4835ms)
ظû╢ Face UI ظ¤ faceOverlayTick scheduling
  ظ£¤ ignores ticks while stopped (0.7175ms)
  ظ£¤ throttles detection and keeps scheduling via rAF (53.5879ms)
[face] WebAuthn PRF not supported ظ¤ passkey stored as plaintext reference.
[face] automatic template encryption skipped: Error: seal boom
    at Object.setVaultKey (F:\RedoSan Authenticity\cli\tests\face_ui_test.js:4160:40)
    at handlePasskeyRegister (F:\RedoSan Authenticity\Face_Biometric\face_ui.js:622:22)
    at async TestContext.<anonymous> (F:\RedoSan Authenticity\cli\tests\face_ui_test.js:4163:5)
    at async Test.run (node:internal/test_runner/test:1313:7)
    at async Suite.processPendingSubtests (node:internal/test_runner/test:897:7)
  ظ£¤ releases busy even when detection rejects (2.6414ms)
ظ£¤ Face UI ظ¤ faceOverlayTick scheduling (57.437ms)
ظû╢ Face UI ظ¤ progress overlay construction fallbacks
  ظ£¤ builds the overlay from scratch when refs are absent (1.5023ms)
ظ£¤ Face UI ظ¤ progress overlay construction fallbacks (1.7127ms)
ظû╢ Face UI ظ¤ faceReportToPDF with an injected jsPDF
  ظ£¤ walks every section and returns a PDF blob (1.2243ms)
  ظ£¤ renders fallback text when optional sections are absent (0.5966ms)
ظ£¤ Face UI ظ¤ faceReportToPDF with an injected jsPDF (1.9799ms)
ظû╢ Face UI ظ¤ faceReportToDOCX with an injected docx
  ظ£¤ builds tables for every section and packs a blob (1.3614ms)
  ظ£¤ handles the credential-error arm and empty match (0.6103ms)
ظ£¤ Face UI ظ¤ faceReportToDOCX with an injected docx (2.0818ms)
ظû╢ Face UI ظ¤ downloadFaceReport formats via the real switch
  ظ£¤ exports json/csv/txt/xml/html through the shared switch (1.5144ms)
  ظ£¤ exports pdf and doc when the libraries resolve (0.8184ms)
  ظ£¤ returns silently without a report or for unknown formats (0.5952ms)
ظ£¤ Face UI ظ¤ downloadFaceReport formats via the real switch (3.2342ms)
ظû╢ Face UI ظ¤ renderFaceReport full vs sparse reports
  ظ£¤ renders every section when the report is complete (0.8191ms)
  ظ£¤ renders graceful fallbacks for a minimal report (0.3628ms)
ظ£¤ Face UI ظ¤ renderFaceReport full vs sparse reports (1.3216ms)
ظû╢ Face UI ظ¤ early helpers rare arms
  ظ£¤ faceDescriptorHash falls back to the legacy hash when sha256 throws (0.6194ms)
  ظ£¤ faceRandomToken uses Math.random when crypto is unavailable (0.2727ms)
  ظ£¤ updateFaceEmbedderHint renders both engine texts (0.4727ms)
  ظ£¤ faceAttrText maps an emotion-only array entry (0.2287ms)
  ظ£¤ arcface embed failure falls back with arcface-embed-error (0.7697ms)
  ظ£¤ arcface null embedding falls back with arcface-embed-null (0.5506ms)
  ظ£¤ initFaceBiometric wires the passphrase sanitizer (0.5688ms)
ظ£¤ Face UI ظ¤ early helpers rare arms (3.8456ms)
ظû╢ Face UI ظ¤ handlePasskeyRegister internal arms
  ظ£¤ demands an initialized registry first (0.9987ms)
  ظ£¤ stores a plaintext reference when the PRF output is absent (1.6277ms)
  ظ£¤ falls back to plaintext when subtle is unavailable (0.7803ms)
  ظ£¤ seals the registry automatically when PRF succeeds (1.0272ms)
  ظ£¤ warn-and-continue when automatic sealing throws (1.0331ms)
  ظ£¤ handlePasskeyRemove clears the reference and tolerates absence (0.7716ms)
  ظ£¤ isFacePasskeyRegistered survives meta-store failures (0.7037ms)
ظ£¤ Face UI ظ¤ handlePasskeyRegister internal arms (7.4121ms)
ظû╢ Face UI ظ¤ faceStepRegisterPasskey (pipeline step 7/8)
  ظ£¤ returns null without a registry (0.4927ms)
  ظ£¤ returns null when the meta store fails (0.5591ms)
  ظ£¤ returns null when no usable passkey reference is stored (0.583ms)
  ظ£¤ reuses the cached session verification (0.5803ms)
  ظ£¤ falls back unauthenticated when WebAuthn is unavailable (0.6143ms)
  ظ£¤ performs a full PRF step-up and seals templates (1.0371ms)
  ظ£¤ rejects when the assertion client data does not match (0.6255ms)
  ظ£¤ rejects when PRF output vanishes with no plaintext fallback (0.6129ms)
  ظ£¤ wraps authenticator failures as step-up errors (0.7309ms)
  ظ£û ensureFacePasskeyForAction survives a throwing availability probe (0.7131ms)
ظ£û Face UI ظ¤ faceStepRegisterPasskey (pipeline step 7/8) (7.1928ms)
ظû╢ Face UI ظ¤ clearFacePendingPhoto / updateFaceRunState arms
  ظ£¤ clears staged state and restores button defaults (0.4854ms)
  ظ£¤ enables the run button only with consent+photo+label+passkey (0.418ms)
  ظ£¤ ignores the run-state refresh without a button (0.263ms)
ظ£¤ Face UI ظ¤ clearFacePendingPhoto / updateFaceRunState arms (1.3394ms)
ظû╢ Face UI ظ¤ handleFaceFilePicked guard ladder
  ظ£¤ warns when consent has not been granted (0.6762ms)
  ظ£¤ continues when validateFileInput throws, and stages the photo (1.2558ms)
  ظ£¤ clears staging when the validator rejects the file (0.8002ms)
  ظ£¤ reports unsupported types before decoding (0.9287ms)
  ظ£¤ rejects oversized photos by byte size (0.6096ms)
  ظ£¤ reports image decode failures (0.6084ms)
  ظ£¤ rejects photos above 5000px (0.5952ms)
  ظ£¤ stops an active camera when a photo replaces the live feed (0.5573ms)
ظ£¤ Face UI ظ¤ handleFaceFilePicked guard ladder (6.5136ms)
ظû╢ Face UI ظ¤ consent storage edge arms
  ظ£¤ treats malformed or stale consent records as absent (0.4429ms)
  ظ£¤ survives quota failures on save and clear (0.327ms)
  ظ£¤ warns without scrolling when highlight=false (0.3627ms)
  ظ£¤ withdraw clears the registry even when the store fails (0.5644ms)
  ظ£¤ initFaceConsent wires the checkbox to the accept button (0.4949ms)
ظ£¤ Face UI ظ¤ consent storage edge arms (2.4257ms)
ظû╢ Face UI ظ¤ handleFaceRun entry guards
  ظ£¤ blocks without consent (0.3928ms)
  ظ£¤ asks for a photo when nothing is staged (0.3005ms)
ظ£¤ Face UI ظ¤ handleFaceRun entry guards (0.7949ms)
ظû╢ Face UI ظ¤ pipeline descriptor and registration failure arms
  ظ£¤ reports a face without a usable descriptor (1.1326ms)
  ظ£¤ continues the pipeline when DID generation is unavailable (30.2249ms)
[face] automatic template encryption skipped: Error: seal boom
    at Object.setVaultKey (F:\RedoSan Authenticity\cli\tests\face_ui_test.js:4884:15)
    at faceStepRegisterPasskey (F:\RedoSan Authenticity\Face_Biometric\face_ui.js:826:22)
    at async TestContext.<anonymous> (F:\RedoSan Authenticity\cli\tests\face_ui_test.js:4904:15)
    at async Test.run (node:internal/test_runner/test:1313:7)
    at async Suite.processPendingSubtests (node:internal/test_runner/test:897:7)
  ظ£¤ records registeredId null when addFace rejects (6.7315ms)
ظ£¤ Face UI ظ¤ pipeline descriptor and registration failure arms (38.3646ms)
ظû╢ Face UI ظ¤ renderFaceReport credential-error arm
  ظ£¤ renders the credential error inline (0.5222ms)
ظ£¤ Face UI ظ¤ renderFaceReport credential-error arm (0.6021ms)
ظû╢ Face UI ظ¤ sparse builders cover the unavailable-module arms
  ظ£¤ TXT builder prints unavailable markers (0.5242ms)
  ظ£¤ XML builder handles null credential/passkey blocks (0.2984ms)
  ظ£¤ CSV builder tolerates null confidence/embedding fields (0.3081ms)
ظ£¤ Face UI ظ¤ sparse builders cover the unavailable-module arms (1.3997ms)
ظû╢ Face UI ظ¤ label sheets failure and emptiness arms
  ظ£¤ returns an empty sheet when the registry read fails (0.9902ms)
  ظ£¤ returns an empty sheet with zero faces (0.3002ms)
  ظ£¤ export reports an empty registry gracefully (0.3317ms)
ظ£¤ Face UI ظ¤ label sheets failure and emptiness arms (1.865ms)
ظû╢ Face UI ظ¤ download modal guards
  ظ£¤ show/close tolerate a missing modal element (0.3773ms)
ظ£¤ Face UI ظ¤ download modal guards (0.4456ms)
ظû╢ Face UI ظ¤ final arms: helpers, step-up seal, VC step, overlay
  ظ£¤ faceAttrText joins plain non-object array items (0.37ms)
  ظ£¤ arcface align failure returns arcface-align-failed (0.4454ms)
  ظ£¤ step-up warns and continues when sealing throws after PRF success (0.938ms)
  ظ£¤ faceStepIssueFaceCredential guards and succeeds end-to-end (10.6956ms)
  ظ£¤ pipeline records registeredId when auto-registration runs (3.4118ms)
  ظ£¤ XML + HTML builders render the credential error and absence arms (0.8677ms)
  ظ£¤ startFaceOverlay stages a canvas over the video and stops cleanly (1.4689ms)
  ظ£¤ renderFaceChallenge falls back when i18n helpers are absent (0.5173ms)
  ظ£¤ listRegisteredFaces covers i18n present/absent branches (0.9972ms)
  ظ£¤ export labels normalises formats, reports empty and error arms (1.011ms)
ظ£¤ Face UI ظ¤ final arms: helpers, step-up seal, VC step, overlay (21.5767ms)
ظû╢ Face UI ظ¤ camera ladder arms
  ظ£¤ blocks camera start without consent (0.6706ms)
  ظ£¤ stops the camera and hides a custom video element (0.5939ms)
  ظ£¤ surfaces the real bootstrap failure during automatic capture (4.8092ms)
  ظ£¤ surfaces capture errors from the frame grabber (0.9976ms)
ظ£¤ Face UI ظ¤ camera ladder arms (7.3946ms)
ظû╢ Face UI ظ¤ batch5: registration, overlay tails, capture success
  ظ£¤ records registeredId=null when addFace rejects (with label) (4.9675ms)
  ظ£¤ overlay early-returns on context-less frames and stops via default id (1.5932ms)
  ظ£¤ startFaceOverlay tolerates a parentless video element (0.7666ms)
  ظ£¤ successful camera capture stages the photo automatically (0.4421ms)
  ظ£¤ step-up cached arm fills blank name/createdAt and decrypt fallbacks (0.6869ms)
  ظ£¤ ensureFacePasskeyForAction announces the skip when WebAuthn is absent (0.3594ms)
ظ£¤ Face UI ظ¤ batch5: registration, overlay tails, capture success (9.2529ms)
ظû╢ Face UI ظ¤ builder trio over rich/sparse/mid reports
  ظ£¤ PDF renders the middle variant (no auto-pin, failed liveness) (0.6385ms)
  ظ£¤ DOCX table helper handles empty input and normal rows (0.2314ms)
  ظ£¤ TXT/CSV/XML/HTML cover the mid variant end-to-end (0.3863ms)
  ظ£¤ downloadFaceReport honours sanitized filenames from staged source (0.3921ms)
  ظ£¤ getFaceEmbedderChoice falls back without any DOM node (0.2933ms)
  ظ£¤ faceBytesToHex handles null input (0.1734ms)
  ظ£¤ renderFaceReport exits silently without a target element (0.2791ms)
ظ£¤ Face UI ظ¤ builder trio over rich/sparse/mid reports (2.6242ms)
ظû╢ Face UI ظ¤ DOCX push guard arms
  ظ£¤ skips empty-string values while keeping populated ones (0.652ms)
ظ£¤ Face UI ظ¤ DOCX push guard arms (0.7214ms)
ظû╢ Face UI ظ¤ b6 helpers
  ظ£¤ setStatus ignores a missing element (0.3141ms)
  ظ£¤ faceProgressRefs handles a document without getElementById (0.1385ms)
  ظ£¤ faceProgressEnsure returns the cached overlay when refs exist (0.3267ms)
  ظ£¤ progress show/update/hide degrade with partial refs (0.5426ms)
  ظ£¤ getFaceEmbedderChoice treats an empty select as unset (0.2367ms)
  ظ£¤ faceAttrText comparator favours the higher emotion on both orders (0.1813ms)
ظ£¤ Face UI ظ¤ b6 helpers (1.9566ms)
ظû╢ Face UI ظ¤ b6 arcface null-face variants
  ظ£¤ unavailable modules with a null face (0.4064ms)
  ظ£¤ load failure with a null face (0.427ms)
  ظ£¤ mesh-missing arm with a null-face descriptor (0.3803ms)
  ظ£¤ align failure keeps the null descriptor (0.3873ms)
  ظ£¤ embed error and null arms with null faces (0.5481ms)
  ظ£¤ human path with a null face yields null descriptor (0.2933ms)
ظ£¤ Face UI ظ¤ b6 arcface null-face variants (2.6712ms)
ظû╢ Face UI ظ¤ b6 passkey string fallbacks
  ظ£¤ refreshPasskeyStatus shows the default name for anonymous passkeys (0.6131ms)
  ظ£¤ handlePasskeyRemove exits quietly without a registry (0.2765ms)
  ظ£¤ isFacePasskeyRegistered accepts PRF-only records (0.4248ms)
  ظ£¤ step-up cached arm fills blank metadata (0.8218ms)
  ظ£¤ unavailable step-up fills a blank credentialId (1.2977ms)
  ظ£¤ successful step-up falls back to stored rawId when absent (0.9859ms)
ظ£¤ Face UI ظ¤ b6 passkey string fallbacks (4.7594ms)
ظû╢ Face UI ظ¤ b6 builder optional-field matrix
  ظ£¤ TXT covers credential defaults and registry miss (0.8335ms)
  ظ£¤ CSV covers credential defaults and registry miss (0.5486ms)
  ظ£¤ XML covers credential id/type fallbacks (0.466ms)
  ظ£¤ HTML covers credential defaults and passkey No arm (0.6749ms)
  ظ£¤ PDF covers credential defaults, failed liveness and unverified passkey (0.7898ms)
  ظ£¤ DOCX covers failed liveness, unverified passkey and credential defaults (1.0048ms)
  ظ£¤ renderFaceReport JSON-stringifies credentials without FaceVC.toJSON (0.5935ms)
  ظ£¤ faceCreateDocxTable drops null tables from the children list (0.4083ms)
ظ£¤ Face UI ظ¤ b6 builder optional-field matrix (5.7419ms)
ظû╢ Face UI ظ¤ b6 progress partial refs
  ظ£¤ show bails when the overlay slot is empty (0.2926ms)
  ظ£¤ update falls back from pct to bar (0.2808ms)
  ظ£¤ hide survives refs with a class-less overlay (0.2163ms)
ظ£¤ Face UI ظ¤ b6 progress partial refs (0.901ms)
ظû╢ Face UI ظ¤ b6 pipeline option/attribute arms
  ظ£¤ confidence-only faces render the numeric fallback (27.3091ms)
  ظ£¤ attributes ride along when detection supplies them (2.1341ms)
  ظ£¤ defaults kick in for source/file name/pin element (1.7379ms)
  ظ£¤ btoa signs when FaceCrypto is unavailable mid-pipeline (1.7409ms)
  ظ£¤ match metadata falls back when embeddingVersion is absent (1.9654ms)
ظ£¤ Face UI ظ¤ b6 pipeline option/attribute arms (35.1772ms)
ظû╢ Face UI ظ¤ b6 run passthrough and misc single guards
  ظ£¤ handleFaceRun forwards the staged canvas and source (0.339ms)
  ظ£¤ updateFaceRunState exits without a button (0.232ms)
  ظ£¤ faceConsentLoad handles missing sessionStorage entirely (0.1402ms)
  ظ£¤ clearFacePendingPhoto tolerates a style-less preview (0.1714ms)
  ظ£¤ listRegisteredFaces buckets unknown embedding versions (0.3609ms)
  ظ£¤ labels sheet escapes blank descriptors and labels (3.2678ms)
  ظ£¤ issue credential exits without a registry (0.4421ms)
  ظ£¤ lock reads an empty passphrase through the same ternary (0.4873ms)
  ظ£¤ restore merge mode passes null passphrase explicitly (0.518ms)
  ظ£¤ issue prefers the session DID keypair over the pipeline one (1.6864ms)
ظ£¤ Face UI ظ¤ b6 run passthrough and misc single guards (8.0947ms)
ظû╢ Face UI ظ¤ b6 capture liveness evidence variants
  ظ£¤ failed liveness surfaces failedChallenges when reasons are absent (0.6829ms)
  ظ£¤ empty reasons array also falls back to failedChallenges (0.3675ms)
  ظ£¤ missing mode element defaults to passive evidence (0.524ms)
  ظ£¤ staged evidence stores an empty reasons list when absent (0.404ms)
ظ£¤ Face UI ظ¤ b6 capture liveness evidence variants (2.1207ms)
ظû╢ Face UI ظ¤ b6 camera start id + tick clock + draw guards
  ظ£¤ camera start accepts an explicit video element id (0.7801ms)
  ظ£¤ start aborts quietly when the passkey gate refuses (0.2229ms)
  ظ£¤ tick honours an explicit timestamp and Date.now fallback (0.2368ms)
  ظ£¤ draw guards: empty detection, box-less and mesh-less faces (1.1206ms)
  ظ£¤ draw bails when the overlay context is unavailable (0.2932ms)
  ظ£¤ tick ignores calls while the overlay is stopped (0.2271ms)
ظ£¤ Face UI ظ¤ b6 camera start id + tick clock + draw guards (3.0586ms)
ظ╣ tests 347
ظ╣ suites 75
ظ╣ pass 345
ظ╣ fail 2
ظ╣ cancelled 0
ظ╣ skipped 0
ظ╣ todo 0
ظ╣ duration_ms 5984.8621

ظ£û failing tests:

test at cli\tests\face_ui_test.js:3000:3
ظ£û never blocks the action when registration fails (2.4716ms)
  AssertionError [ERR_ASSERTION]: failure must not block the action
  
  false !== true
  
      at TestContext.<anonymous> (F:\RedoSan Authenticity\cli\tests\face_ui_test.js:3014:12)
      at async Test.run (node:internal/test_runner/test:1313:7)
      at async Suite.processPendingSubtests (node:internal/test_runner/test:897:7) {
    generatedMessage: false,
    code: 'ERR_ASSERTION',
    actual: false,
    expected: true,
    operator: 'strictEqual',
    diff: 'simple'
  }

test at cli\tests\face_ui_test.js:4351:3
ظ£û ensureFacePasskeyForAction survives a throwing availability probe (0.7131ms)
  Error: probe boom
      at Object.isAvailable (F:\RedoSan Authenticity\cli\tests\face_ui_test.js:4355:40)
      at ensureFacePasskeyForAction (F:\RedoSan Authenticity\Face_Biometric\face_ui.js:718:18)
      at async TestContext.<anonymous> (F:\RedoSan Authenticity\cli\tests\face_ui_test.js:4357:18)
      at async Test.run (node:internal/test_runner/test:1313:7)
      at async Suite.processPendingSubtests (node:internal/test_runner/test:897:7)
